[48;2;208;217;231m [m[1;38;2;15;23;42;48;2;208;217;231magents-bridge · 3 puentes[m[48;2;208;217;231m [m[48;2;208;217;231m                                                                                             [m[0m
[48;2;220;227;238m                                                                                                                        [0m
[38;2;51;65;85m[48;2;220;227;238m╭──────────────────────────────────────────────────────────────────────────────────────────────────────────────────────╮[m[0m
[38;2;51;65;85m[48;2;220;227;238m│[m[1;38;2;51;65;85m[48;2;220;227;238m  [38;2;51;65;85mINSTANCIA  PROYECTO                      MODO    ROLES     CON  INACTIVO  MSGS   INICIO[m[48;2;220;227;238m                             [m[38;2;51;65;85m[48;2;220;227;238m│[m[0m
[38;2;51;65;85m[48;2;220;227;238m│[m[1;38;2;51;65;85m[1;38;2;7;89;133m[48;2;220;227;238m▶ aaaa1111   api-server                    local   orq+ejec  ●    12s       7      09:30 [m[48;2;220;227;238m                             [m[38;2;51;65;85m[48;2;220;227;238m│[m[0m
[38;2;51;65;85m[48;2;220;227;238m│[m[1;38;2;51;65;85m[48;2;220;227;238m  [38;2;15;23;42mbbbb2222   web                           host    orq       ○    1h        0      10:30 [m[48;2;220;227;238m                             [m[38;2;51;65;85m[48;2;220;227;238m│[m[0m
[38;2;51;65;85m[48;2;220;227;238m│[m[1;38;2;51;65;85m[48;2;220;227;238m  [38;2;15;23;42mcccc3333   -                             join    ejec      ●    -         42     11:30 [m[48;2;220;227;238m                             [m[38;2;51;65;85m[48;2;220;227;238m│[m[0m
[38;2;51;65;85m[48;2;220;227;238m│[m[1;38;2;51;65;85m[m[48;2;220;227;238m                                                                                                                      [38;2;51;65;85m│[m[0m
[38;2;51;65;85m[48;2;220;227;238m│[m[1;38;2;51;65;85m[m[48;2;220;227;238m                                                                                                                      [38;2;51;65;85m│[m[0m
[38;2;51;65;85m[48;2;220;227;238m│[m[1;38;2;51;65;85m[m[48;2;220;227;238m                                                                                                                      [38;2;51;65;85m│[m[0m
[38;2;51;65;85m[48;2;220;227;238m│[m[1;38;2;51;65;85m[m[48;2;220;227;238m                                                                                                                      [38;2;51;65;85m│[m[0m
[38;2;51;65;85m[48;2;220;227;238m│[m[1;38;2;51;65;85m[m[48;2;220;227;238m                                                                                                                      [38;2;51;65;85m│[m[0m
[38;2;51;65;85m[48;2;220;227;238m│[m[1;38;2;51;65;85m[m[48;2;220;227;238m                                                                                                                      [38;2;51;65;85m│[m[0m
[38;2;51;65;85m[48;2;220;227;238m│[m[1;38;2;51;65;85m[m[48;2;220;227;238m                                                                                                                      [38;2;51;65;85m│[m[0m
[38;2;51;65;85m[48;2;220;227;238m│[m[1;38;2;51;65;85m[m[48;2;220;227;238m                                                                                                                      [38;2;51;65;85m│[m[0m
[38;2;51;65;85m[48;2;220;227;238m│[m[1;38;2;51;65;85m[m[48;2;220;227;238m                                                                                                                      [38;2;51;65;85m│[m[0m
[38;2;51;65;85m[48;2;220;227;238m│[m[1;38;2;51;65;85m[m[48;2;220;227;238m                                                                                                                      [38;2;51;65;85m│[m[0m
[38;2;51;65;85m[48;2;220;227;238m│[m[1;38;2;51;65;85m[m[48;2;220;227;238m                                                                                                                      [38;2;51;65;85m│[m[0m
[38;2;51;65;85m[48;2;220;227;238m│[m[1;38;2;51;65;85m[m[48;2;220;227;238m                                                                                                                      [38;2;51;65;85m│[m[0m
[38;2;51;65;85m[48;2;220;227;238m│[m[1;38;2;51;65;85m[m[48;2;220;227;238m                                                                                                                      [38;2;51;65;85m│[m[0m
[38;2;51;65;85m[48;2;220;227;238m│[m[1;38;2;51;65;85m[m[48;2;220;227;238m                                                                                                                      [38;2;51;65;85m│[m[0m
[38;2;51;65;85m[48;2;220;227;238m│[m[1;38;2;51;65;85m[m[48;2;220;227;238m                                                                                                                      [38;2;51;65;85m│[m[0m
[38;2;51;65;85m[48;2;220;227;238m╰──────────────────────────────────────────────────────────────────────────────────────────────────────────────────────╯[m[0m
[38;2;51;65;85m[48;2;220;227;238menter entrar · n crear puente · s cerrar puente · r refrescar · / filtrar · ctrl+p paleta · q salir · ? más[m[48;2;220;227;238m             [0m