[48;2;208;217;231m [m[1;38;2;15;23;42;48;2;208;217;231magents-bridge · 0 puentes[m[48;2;208;217;231m [m[48;2;208;217;231m                                                                                             [m[0m
[48;2;220;227;238m                                                                                                                        [0m
[38;2;51;65;85m[48;2;220;227;238m╭──────────────────────────────────────────────────────────────────────────────────────────────────────────────────────╮[m[0m
[38;2;51;65;85m[48;2;220;227;238m│[m[1;38;2;51;65;85m[48;2;220;227;238m                                                                                                                      [m[38;2;51;65;85m[48;2;220;227;238m│[m[0m
[38;2;51;65;85m[48;2;220;227;238m│[m[1;38;2;51;65;85m[48;2;220;227;238m No hay puentes activos.                                                                                              [m[38;2;51;65;85m[48;2;220;227;238m│[m[0m
[38;2;51;65;85m[48;2;220;227;238m│[m[1;38;2;51;65;85m[48;2;220;227;238m                                                                                                                      [m[38;2;51;65;85m[48;2;220;227;238m│[m[0m
[38;2;51;65;85m[48;2;220;227;238m│[m[1;38;2;51;65;85m[48;2;220;227;238m n  crea uno nuevo (un puente local en segundo plano) y entra en él.                                                  [m[38;2;51;65;85m[48;2;220;227;238m│[m[0m
[38;2;51;65;85m[48;2;220;227;238m│[m[1;38;2;51;65;85m[48;2;220;227;238m o lánzalo tú:  agents-bridge local                                                                                   [m[38;2;51;65;85m[48;2;220;227;238m│[m[0m
[38;2;51;65;85m[48;2;220;227;238m│[m[1;38;2;51;65;85m[48;2;220;227;238m (los puentes de otros equipos no aparecen aquí: solo los de este usuario.)                                           [m[38;2;51;65;85m[48;2;220;227;238m│[m[0m
[38;2;51;65;85m[48;2;220;227;238m│[m[1;38;2;51;65;85m[m[48;2;220;227;238m                                                                                                                      [38;2;51;65;85m│[m[0m
[38;2;51;65;85m[48;2;220;227;238m│[m[1;38;2;51;65;85m[m[48;2;220;227;238m                                                                                                                      [38;2;51;65;85m│[m[0m
[38;2;51;65;85m[48;2;220;227;238m│[m[1;38;2;51;65;85m[m[48;2;220;227;238m                                                                                                                      [38;2;51;65;85m│[m[0m
[38;2;51;65;85m[48;2;220;227;238m│[m[1;38;2;51;65;85m[m[48;2;220;227;238m                                                                                                                      [38;2;51;65;85m│[m[0m
[38;2;51;65;85m[48;2;220;227;238m│[m[1;38;2;51;65;85m[m[48;2;220;227;238m                                                                                                                      [38;2;51;65;85m│[m[0m
[38;2;51;65;85m[48;2;220;227;238m│[m[1;38;2;51;65;85m[m[48;2;220;227;238m                                                                                                                      [38;2;51;65;85m│[m[0m
[38;2;51;65;85m[48;2;220;227;238m│[m[1;38;2;51;65;85m[m[48;2;220;227;238m                                                                                                                      [38;2;51;65;85m│[m[0m
[38;2;51;65;85m[48;2;220;227;238m│[m[1;38;2;51;65;85m[m[48;2;220;227;238m                                                                                                                      [38;2;51;65;85m│[m[0m
[38;2;51;65;85m[48;2;220;227;238m│[m[1;38;2;51;65;85m[m[48;2;220;227;238m                                                                                                                      [38;2;51;65;85m│[m[0m
[38;2;51;65;85m[48;2;220;227;238m│[m[1;38;2;51;65;85m[m[48;2;220;227;238m                                                                                                                      [38;2;51;65;85m│[m[0m
[38;2;51;65;85m[48;2;220;227;238m│[m[1;38;2;51;65;85m[m[48;2;220;227;238m                                                                                                                      [38;2;51;65;85m│[m[0m
[38;2;51;65;85m[48;2;220;227;238m│[m[1;38;2;51;65;85m[m[48;2;220;227;238m                                                                                                                      [38;2;51;65;85m│[m[0m
[38;2;51;65;85m[48;2;220;227;238m│[m[1;38;2;51;65;85m[m[48;2;220;227;238m                                                                                                                      [38;2;51;65;85m│[m[0m
[38;2;51;65;85m[48;2;220;227;238m╰──────────────────────────────────────────────────────────────────────────────────────────────────────────────────────╯[m[0m
[38;2;51;65;85m[48;2;220;227;238menter entrar · n crear puente · s cerrar puente · r refrescar · / filtrar · ctrl+p paleta · q salir · ? más[m[48;2;220;227;238m             [0m